node:assert:152
  throw new AssertionError(obj);
  ^

AssertionError [ERR_ASSERTION]: Expected values to be strictly equal:

512 !== 1024

    at Object.<anonymous> (/workspace/football-life-publish/tools/heroine-roster-check.js:34:120)
    at Module._compile (node:internal/modules/cjs/loader:1872:14)
    at Object..js (node:internal/modules/cjs/loader:2003:10)
    at Module.load (node:internal/modules/cjs/loader:1594:32)
    at Module._load (node:internal/modules/cjs/loader:1396:12)
    at wrapModuleLoad (node:internal/modules/cjs/loader:255:19)
    at Module.executeUserEntryPoint [as runMain] (node:internal/modules/run_main:154:5)
    at node:internal/main/run_main_module:33:47 {
  generatedMessage: true,
  code: 'ERR_ASSERTION',
  actual: 512,
  expected: 1024,
  operator: 'strictEqual',
  diff: 'simple'
}

Node.js v24.19.0
